=== tanh (comparator bwd), 1500 slots, 8 seeds ===
tanh s=1               MSE=0.055 corners=4/4 y=[0.23,0.89,0.69,0.24] actrange=0.57  *** SOLVED
tanh s=2               MSE=0.091 corners=4/4 y=[0.31,0.69,0.69,0.27] actrange=0.67  *** SOLVED
tanh s=3               MSE=0.156 corners=3/4 y=[0.37,0.78,0.45,0.37] actrange=0.37
tanh s=4               MSE=0.126 corners=4/4 y=[0.37,0.61,0.61,0.24] actrange=0.61  *** SOLVED
tanh s=5               MSE=0.091 corners=4/4 y=[0.25,0.65,0.67,0.26] actrange=0.59  *** SOLVED
tanh s=6               MSE=0.118 corners=4/4 y=[0.25,0.52,0.79,0.36] actrange=0.38  *** SOLVED
tanh s=7               MSE=0.176 corners=3/4 y=[0.25,0.69,0.36,0.36] actrange=0.37
tanh s=8               MSE=0.112 corners=4/4 y=[0.25,0.67,0.62,0.36] actrange=0.38  *** SOLVED
tanh 4/4: 6/8
=== relu2 baseline, same 8 seeds ===
relu2 s=1               MSE=0.029 corners=4/4 y=[0.21,1.08,0.87,0.21] actrange=1.39  *** SOLVED
relu2 s=2               MSE=0.084 corners=4/4 y=[0.29,0.71,0.70,0.29] actrange=1.73  *** SOLVED
relu2 s=3               MSE=0.051 corners=4/4 y=[0.31,1.11,0.77,0.21] actrange=1.44  *** SOLVED
relu2 s=4               MSE=0.108 corners=4/4 y=[0.33,0.64,0.64,0.25] actrange=1.55  *** SOLVED
relu2 s=5               MSE=0.097 corners=4/4 y=[0.29,0.54,0.79,0.24] actrange=0.82  *** SOLVED
relu2 s=6               MSE=0.081 corners=4/4 y=[0.23,0.65,0.86,0.35] actrange=0.68  *** SOLVED
relu2 s=7               MSE=0.090 corners=4/4 y=[0.23,1.02,0.58,0.36] actrange=0.67  *** SOLVED
relu2 s=8               MSE=0.165 corners=3/4 y=[0.20,0.27,0.87,0.27] actrange=0.68
relu2 4/4: 7/8
ALLDONE
